[2025-03-24 16:38:11,239] INFO [QuorumController id=1] Registering periodic task writeNoOpRecord to run every 500 ms (org.apache.kafka.controller.PeriodicTaskControlManager)
[2025-03-24 16:38:11,239] INFO [QuorumController id=1] Registering periodic task maybeFenceStaleBroker to run every 1125 ms (org.apache.kafka.controller.PeriodicTaskControlManager)
[2025-03-24 16:38:11,239] INFO [QuorumController id=1] Registering periodic task electPreferred to run every 300000 ms (org.apache.kafka.controller.PeriodicTaskControlManager)
[2025-03-24 16:38:11,239] INFO [QuorumController id=1] Registering periodic task electUnclean to run every 300000 ms (org.apache.kafka.controller.PeriodicTaskControlManager)
[2025-03-24 16:38:11,240] INFO [QuorumController id=1] Registering periodic task expireDelegationTokens to run every 3600000 ms (org.apache.kafka.controller.PeriodicTaskControlManager)
[2025-03-24 16:38:11,240] INFO [QuorumController id=1] Registering periodic task generatePeriodicPerformanceMessage to run every 60000 ms (org.apache.kafka.controller.PeriodicTaskControlManager)
[2025-03-24 16:38:11,240] INFO [QuorumController id=1] Creating new QuorumController with clusterId 74B30020-7234-4D86-B144-E6023D0A08C6 (org.apache.kafka.controller.QuorumController)
[2025-03-24 16:38:11,241] INFO [QuorumController id=1] Starting to load snapshot 00000000000000000000-0000000000. Previous lastCommittedOffset was -1. Previous transactionStartOffset was -1. (org.apache.kafka.controller.OffsetControlManager)
[2025-03-24 16:38:11,241] INFO [QuorumController id=1] Successfully loaded snapshot 00000000000000000000-0000000000. (org.apache.kafka.controller.OffsetControlManager)
[2025-03-24 16:38:11,242] INFO [QuorumController id=1] Replayed BeginTransactionRecord(name='Bootstrap records') at offset 3. (org.apache.kafka.controller.OffsetControlManager)
[2025-03-24 16:38:11,242] INFO [QuorumController id=1] Replayed a FeatureLevelRecord setting metadata.version to 4.0-IV3 (org.apache.kafka.controller.FeatureControlManager)
[2025-03-24 16:38:11,242] INFO [QuorumController id=1] Replayed a FeatureLevelRecord setting feature group.version to 1 (org.apache.kafka.controller.FeatureControlManager)
[2025-03-24 16:38:11,242] INFO [QuorumController id=1] Replayed a FeatureLevelRecord setting feature transaction.version to 2 (org.apache.kafka.controller.FeatureControlManager)
[2025-03-24 16:38:11,242] INFO [QuorumController id=1] Replayed EndTransactionRecord() at offset 7. (org.apache.kafka.controller.OffsetControlManager)
[2025-03-24 16:38:11,243] INFO [QuorumController id=1] Replayed RegisterControllerRecord containing ControllerRegistration(id=1, incarnationId=jXuY9uoBR4-qYPCKKuU9PA, zkMigrationReady=false, listeners=[Endpoint(listenerName='CONTROLLER', securityProtocol=PLAINTEXT, host='localhost', port=9093)], supportedFeatures={eligible.leader.replicas.version: 0-1, group.version: 0-1, kraft.version: 0-1, metadata.version: 7-25, transaction.version: 0-2}). (org.apache.kafka.controller.ClusterControlManager)
[2025-03-24 16:38:11,247] INFO [QuorumController id=1] Replayed initial RegisterBrokerRecord for broker 1: RegisterBrokerRecord(brokerId=1, isMigratingZkBroker=false, incarnationId=b2aJqr8cQSeJVJSBsss6TA, brokerEpoch=9, endPoints=[BrokerEndpoint(name='PLAINTEXT', host='localhost', port=9092, securityProtocol=0)], features=[BrokerFeature(name='group.version', minSupportedVersion=0, maxSupportedVersion=1), BrokerFeature(name='transaction.version', minSupportedVersion=0, maxSupportedVersion=2), BrokerFeature(name='eligible.leader.replicas.version', minSupportedVersion=0, maxSupportedVersion=1), BrokerFeature(name='kraft.version', minSupportedVersion=0, maxSupportedVersion=1), BrokerFeature(name='metadata.version', minSupportedVersion=7, maxSupportedVersion=25)], rack=null, fenced=true, inControlledShutdown=false, logDirs=[xeKqu8QmQsWIFbNN_vLAUQ]) (org.apache.kafka.controller.ClusterControlManager)
[2025-03-24 16:38:11,248] INFO [QuorumController id=1] Replayed BrokerRegistrationChangeRecord modifying the registration for broker 1: BrokerRegistrationChangeRecord(brokerId=1, brokerEpoch=9, fenced=-1, inControlledShutdown=0, logDirs=[]) (org.apache.kafka.controller.ClusterControlManager)
[2025-03-24 16:38:11,250] INFO [QuorumController id=1] Becoming the active controller at epoch 2, next write offset 301. (org.apache.kafka.controller.QuorumController)
[2025-03-24 16:38:11,252] WARN [QuorumController id=1] Performing controller activation. (org.apache.kafka.controller.QuorumController)
[2025-03-24 16:38:11,253] INFO [QuorumController id=1] Activated periodic tasks: electPreferred, electUnclean, expireDelegationTokens, generatePeriodicPerformanceMessage, maybeFenceStaleBroker, writeNoOpRecord (org.apache.kafka.controller.PeriodicTaskControlManager)
[2025-03-24 16:38:11,345] INFO [QuorumController id=1] Replayed RegisterControllerRecord containing ControllerRegistration(id=1, incarnationId=txTdPCBoT5eixdBbMqCtXA, zkMigrationReady=false, listeners=[Endpoint(listenerName='CONTROLLER', securityProtocol=PLAINTEXT, host='localhost', port=9093)], supportedFeatures={eligible.leader.replicas.version: 0-1, group.version: 0-1, kraft.version: 0-1, metadata.version: 7-25, transaction.version: 0-2}). Previous incarnation was jXuY9uoBR4-qYPCKKuU9PA (org.apache.kafka.controller.ClusterControlManager)
[2025-03-24 16:38:11,408] INFO [QuorumController id=1] registerBroker: event failed with DuplicateBrokerRegistrationException in 330 microseconds. Exception message: Another broker is registered with that broker id. (org.apache.kafka.controller.QuorumController)
[2025-03-24 16:38:11,511] INFO [QuorumController id=1] registerBroker: event failed with DuplicateBrokerRegistrationException in 79 microseconds. Exception message: Another broker is registered with that broker id. (org.apache.kafka.controller.QuorumController)
[2025-03-24 16:38:11,718] INFO [QuorumController id=1] registerBroker: event failed with DuplicateBrokerRegistrationException in 140 microseconds. Exception message: Another broker is registered with that broker id. (org.apache.kafka.controller.QuorumController)
[2025-03-24 16:38:12,129] INFO [QuorumController id=1] registerBroker: event failed with DuplicateBrokerRegistrationException in 115 microseconds. Exception message: Another broker is registered with that broker id. (org.apache.kafka.controller.QuorumController)
[2025-03-24 16:38:12,946] INFO [QuorumController id=1] registerBroker: event failed with DuplicateBrokerRegistrationException in 202 microseconds. Exception message: Another broker is registered with that broker id. (org.apache.kafka.controller.QuorumController)
[2025-03-24 16:38:14,562] INFO [QuorumController id=1] registerBroker: event failed with DuplicateBrokerRegistrationException in 164 microseconds. Exception message: Another broker is registered with that broker id. (org.apache.kafka.controller.QuorumController)
[2025-03-24 16:38:17,716] INFO [QuorumController id=1] registerBroker: event failed with DuplicateBrokerRegistrationException in 62 microseconds. Exception message: Another broker is registered with that broker id. (org.apache.kafka.controller.QuorumController)
[2025-03-24 16:38:20,283] INFO [QuorumController id=1] Fencing broker 1 at epoch 9 because its session has timed out. (org.apache.kafka.controller.ReplicationControlManager)
[2025-03-24 16:38:20,285] INFO [QuorumController id=1] Replayed BrokerRegistrationChangeRecord modifying the registration for broker 1: BrokerRegistrationChangeRecord(brokerId=1, brokerEpoch=9, fenced=1, inControlledShutdown=0, logDirs=[]) (org.apache.kafka.controller.ClusterControlManager)
[2025-03-24 16:38:22,229] INFO [QuorumController id=1] Registering a new incarnation of broker 1. Previous incarnation ID was b2aJqr8cQSeJVJSBsss6TA; new incarnation ID is MscIWUxoTiSRGK5xbsevMA. Generated 0 record(s) to clean up previous incarnations. Broker epoch will become 324. (org.apache.kafka.controller.ClusterControlManager)
[2025-03-24 16:38:22,230] INFO [QuorumController id=1] Replayed RegisterBrokerRecord establishing a new incarnation of broker 1: RegisterBrokerRecord(brokerId=1, isMigratingZkBroker=false, incarnationId=MscIWUxoTiSRGK5xbsevMA, brokerEpoch=324, endPoints=[BrokerEndpoint(name='PLAINTEXT', host='localhost', port=9092, securityProtocol=0)], features=[BrokerFeature(name='group.version', minSupportedVersion=0, maxSupportedVersion=1), BrokerFeature(name='transaction.version', minSupportedVersion=0, maxSupportedVersion=2), BrokerFeature(name='eligible.leader.replicas.version', minSupportedVersion=0, maxSupportedVersion=1), BrokerFeature(name='kraft.version', minSupportedVersion=0, maxSupportedVersion=1), BrokerFeature(name='metadata.version', minSupportedVersion=7, maxSupportedVersion=25)], rack=null, fenced=true, inControlledShutdown=false, logDirs=[xeKqu8QmQsWIFbNN_vLAUQ]) (org.apache.kafka.controller.ClusterControlManager)
[2025-03-24 16:38:22,277] INFO [QuorumController id=1] The request from broker 1 to unfence has been granted because it has caught up with the offset of its register broker record 324. (org.apache.kafka.controller.BrokerHeartbeatManager)
[2025-03-24 16:38:22,277] INFO [QuorumController id=1] Replayed BrokerRegistrationChangeRecord modifying the registration for broker 1: BrokerRegistrationChangeRecord(brokerId=1, brokerEpoch=324, fenced=-1, inControlledShutdown=0, logDirs=[]) (org.apache.kafka.controller.ClusterControlManager)
